{
 "seed": 20260904,
 "n_pos": 3000,
 "n_neg": 30000,
 "prior": 0.09090909090909091,
 "auprc_r1": 0.26543509702042895,
 "posrate_r1": 0.213,
 "negrate_r1": 0.009866666666666666,
 "auprc_r2": 0.32268228834602874,
 "posrate_r2": 0.3636666666666667,
 "negrate_r2": 0.0297,
 "auprc_r3": 0.31142231866401376,
 "posrate_r3": 0.44133333333333336,
 "negrate_r3": 0.06213333333333333,
 "auprc_r4": 0.2837206245280499,
 "posrate_r4": 0.486,
 "negrate_r4": 0.09943333333333333,
 "auprc_ms": 0.34514330088609146,
 "posrate_ms": 0.486,
 "negrate_ms": 0.09943333333333333,
 "auprc_flat2": 0.20593511349451418,
 "posrate_flat2": 0.557,
 "negrate_flat2": 0.38526666666666665,
 "pos_touch_frac": 0.486,
 "neg_touch_frac": 0.09943333333333333,
 "touch_sym": 0.5342935528120714,
 "touch_asym1": 0.32647462277091904,
 "touch_asym2p": 0.1392318244170096,
 "touch_total_hist": {
  "2": 639,
  "3": 347,
  "4": 218,
  "5": 150,
  "6": 58,
  "7": 33,
  "8": 13
 },
 "median_total_drop": 3.0,
 "median_vdip": 4.0,
 "neg_touch_sym": 0.31914180355346966,
 "neg_touch_asym2p": 0.29668119342943344,
 "neg_median_total_drop": 5.0
}
{
 "seed": 20260905,
 "n_pos": 3000,
 "n_neg": 30000,
 "prior": 0.09090909090909091,
 "auprc_r1": 0.275543976423448,
 "posrate_r1": 0.221,
 "negrate_r1": 0.0088,
 "auprc_r2": 0.34039580512929435,
 "posrate_r2": 0.355,
 "negrate_r2": 0.0296,
 "auprc_r3": 0.318687377303601,
 "posrate_r3": 0.42866666666666664,
 "negrate_r3": 0.06163333333333333,
 "auprc_r4": 0.28059924825942767,
 "posrate_r4": 0.478,
 "negrate_r4": 0.0987,
 "auprc_ms": 0.35545316975601454,
 "posrate_ms": 0.478,
 "negrate_ms": 0.0987,
 "auprc_flat2": 0.20796632458082992,
 "posrate_flat2": 0.559,
 "negrate_flat2": 0.38253333333333334,
 "pos_touch_frac": 0.478,
 "neg_touch_frac": 0.0987,
 "touch_sym": 0.5578800557880056,
 "touch_asym1": 0.3075313807531381,
 "touch_asym2p": 0.13458856345885634,
 "touch_total_hist": {
  "2": 663,
  "3": 316,
  "4": 201,
  "5": 124,
  "6": 58,
  "7": 41,
  "8": 31
 },
 "median_total_drop": 3.0,
 "median_vdip": 3.0,
 "neg_touch_sym": 0.3120567375886525,
 "neg_touch_asym2p": 0.2850388382303276,
 "neg_median_total_drop": 5.0
}
{
 "seed": 20260906,
 "n_pos": 3000,
 "n_neg": 30000,
 "prior": 0.09090909090909091,
 "auprc_r1": 0.27220689252237856,
 "posrate_r1": 0.21233333333333335,
 "negrate_r1": 0.0087,
 "auprc_r2": 0.3410484740305504,
 "posrate_r2": 0.37666666666666665,
 "negrate_r2": 0.030033333333333332,
 "auprc_r3": 0.32034568176319744,
 "posrate_r3": 0.442,
 "negrate_r3": 0.061233333333333334,
 "auprc_r4": 0.2885336254553734,
 "posrate_r4": 0.48733333333333334,
 "negrate_r4": 0.09996666666666666,
 "auprc_ms": 0.35400976916729787,
 "posrate_ms": 0.48733333333333334,
 "negrate_ms": 0.09996666666666666,
 "auprc_flat2": 0.22401478079415726,
 "posrate_flat2": 0.5553333333333333,
 "negrate_flat2": 0.3629,
 "pos_touch_frac": 0.48733333333333334,
 "neg_touch_frac": 0.09996666666666666,
 "touch_sym": 0.5287277701778386,
 "touch_asym1": 0.34610123119015046,
 "touch_asym2p": 0.12517099863201095,
 "touch_total_hist": {
  "2": 637,
  "3": 398,
  "4": 186,
  "5": 120,
  "6": 75,
  "7": 31,
  "8": 15
 },
 "median_total_drop": 3.0,
 "median_vdip": 4.0,
 "neg_touch_sym": 0.30976992330776926,
 "neg_touch_asym2p": 0.2830943647882628,
 "neg_median_total_drop": 5.0
}
{
 "seed": 20260907,
 "n_pos": 3000,
 "n_neg": 30000,
 "prior": 0.09090909090909091,
 "auprc_r1": 0.26499210228027237,
 "posrate_r1": 0.21466666666666667,
 "negrate_r1": 0.0097,
 "auprc_r2": 0.3243848795595031,
 "posrate_r2": 0.36633333333333334,
 "negrate_r2": 0.031966666666666664,
 "auprc_r3": 0.3114555437129365,
 "posrate_r3": 0.43933333333333335,
 "negrate_r3": 0.0642,
 "auprc_r4": 0.2787631009857414,
 "posrate_r4": 0.482,
 "negrate_r4": 0.10176666666666667,
 "auprc_ms": 0.3433225686570198,
 "posrate_ms": 0.482,
 "negrate_ms": 0.10176666666666667,
 "auprc_flat2": 0.2152428620626587,
 "posrate_flat2": 0.5386666666666666,
 "negrate_flat2": 0.35013333333333335,
 "pos_touch_frac": 0.482,
 "neg_touch_frac": 0.10176666666666667,
 "touch_sym": 0.5491009681881052,
 "touch_asym1": 0.32503457814661135,
 "touch_asym2p": 0.12586445366528354,
 "touch_total_hist": {
  "2": 644,
  "3": 357,
  "4": 206,
  "5": 122,
  "6": 62,
  "7": 35,
  "8": 20
 },
 "median_total_drop": 3.0,
 "median_vdip": 4.0,
 "neg_touch_sym": 0.3183753684900098,
 "neg_touch_asym2p": 0.2875859810022928,
 "neg_median_total_drop": 5.0
}

=== AGGREGATE (4 seeds) ===
auprc_flat2              0.2133  range [0.20593511349451418, 0.22401478079415726]
auprc_ms                 0.3495  range [0.3433225686570198, 0.35545316975601454]
auprc_r1                 0.2695  range [0.26499210228027237, 0.275543976423448]
auprc_r2                 0.3321  range [0.32268228834602874, 0.3410484740305504]
auprc_r3                 0.3155  range [0.31142231866401376, 0.32034568176319744]
auprc_r4                 0.2829  range [0.2787631009857414, 0.2885336254553734]
median_total_drop        3.0000  range [3.0, 3.0]
median_vdip              3.7500  range [3.0, 4.0]
neg_touch_frac           0.1000  range [0.0987, 0.10176666666666667]
pos_touch_frac           0.4833  range [0.478, 0.48733333333333334]
prior                    0.0909  range [0.09090909090909091, 0.09090909090909091]
touch_asym1              0.3263  range [0.3075313807531381, 0.34610123119015046]
touch_asym2p             0.1312  range [0.12517099863201095, 0.1392318244170096]
touch_sym                0.5425  range [0.5287277701778386, 0.5578800557880056]
