targets with statement world: 727886
co-citation pairs: 1929809
queries: 1500
  200/1500
  400/1500
  600/1500
  800/1500
  1000/1500
  1200/1500
  1400/1500
{
 "n_queries": 1500,
 "pool": 281205,
 "rand_recall": {
  "10": 3.556124535481233e-05,
  "100": 0.00035561245354812326
 },
 "lamS": {
  "recall@10": 0.1548128464014539,
  "recall@100": 0.3213811136447057,
  "mrr": 0.0767484899562692
 },
 "kinS": {
  "recall@10": 0.019542850940013765,
  "recall@100": 0.062358034668548355,
  "mrr": 0.009376937782861526
 },
 "l+k": {
  "recall@10": 0.0927864533068348,
  "recall@100": 0.18712135021653922,
  "mrr": 0.046871139543354735
 },
 "text": {
  "recall@10": 0.06355883269627909,
  "recall@100": 0.16833701541849272,
  "mrr": 0.033046962179407585
 },
 "pop": {
  "recall@10": 0.01789331532748143,
  "recall@100": 0.045577312626603646,
  "mrr": 0.0079058829915833
 }
}
